Removed Pin From Net: NetName=ENB Pin=L298N-4
Removed Pin From Net: NetName=ENB Pin=VDK-5
Removed Pin From Net: NetName=ENA Pin=VDK-8
Removed Pin From Net: NetName=RX_GPS Pin=VDK-9
Removed Pin From Net: NetName=TX_GPS Pin=VDK-10
Removed Pin From Net: NetName=RX_DF Pin=VDK-11
Removed Pin From Net: NetName=TX_DF Pin=VDK-12
Removed Pin From Net: NetName=NetNut Nhan_2 Pin=VDK-13
Change Component Footprint: Designator=L298N Old Footprint=HED4 New Footprint=HDR1X6
Change Component Comment : Designator=L298N Old Comment=Header 4 New Comment=Header 6
Change Component Designator: OldDesignator=p NewDesignator=C1
Change component parameters: Designator = "L298N" ("L298N"); Footprint = "HED4"; UniqueID = "\XZPXECEK" ("\XZPXECEK")
Change component parameters (AddParameter): Name = "LatestRevisionDate"; Value = "17-Jul-2002"; VariantName = "[No Variations]"
Change component parameters (AddParameter): Name = "LatestRevisionNote"; Value = "Re-released for DXP Platform."; VariantName = "[No Variations]"
Change component parameters (AddParameter): Name = "Publisher"; Value = "Altium Limited"; VariantName = "[No Variations]"
Added Component: Designator=R3(DIEN TRO 1/4 W)
Add component (AddParameter): Name = "LatestRevisionDate"; Value = "17-Jul-2002"; VariantName = "[No Variations]"
Add component (AddParameter): Name = "LatestRevisionNote"; Value = "Re-released for DXP Platform."; VariantName = "[No Variations]"
Add component (AddParameter): Name = "PackageReference"; Value = "AXIAL-0.4"; VariantName = "[No Variations]"
Add component (AddParameter): Name = "Published"; Value = "8-Jun-2000"; VariantName = "[No Variations]"
Add component (AddParameter): Name = "Publisher"; Value = "Altium Limited"; VariantName = "[No Variations]"
Add component (AddParameter): Name = "Value"; Value = "10K"; VariantName = "[No Variations]"
Added Pin To Net: NetName=5V Pin=L298N-2
Added Pin To Net: NetName=GND Pin=L298N-3
Added Pin To Net: NetName=5V Pin=L298N-4
Added Pin To Net: NetName=GND Pin=L298N-5
Added Pin To Net: NetName=ENB Pin=L298N-6
Added Pin To Net: NetName=NetNut Nhan_2 Pin=R3-1
Added Pin To Net: NetName=5V Pin=R3-2
Added Pin To Net: NetName=ENB Pin=VDK-8
Added Pin To Net: NetName=TX_GPS Pin=VDK-9
Added Pin To Net: NetName=RX_GPS Pin=VDK-10
Added Pin To Net: NetName=TX_DF Pin=VDK-11
Added Pin To Net: NetName=RX_DF Pin=VDK-12
Added Pin To Net: NetName=NetNut Nhan_2 Pin=VDK-15
Added Member To Class: ClassName=Sheet Member=Component R3 R0.4W
